[
  {
    "Name": "Diamond Fork",
    "Number": 29
  },
  {
    "Name": "Sheep Creek",
    "Number": 51
  }
]