{"ID":1,"Name":"Reds","Colors":["Crimson","Red","Ruby","Maroon"]}